- Diagnosticar a conexão de Internet utilizando comandos do sistema operacional.

1 - Realizando ping na propria máquina.

iesb@mint:~$ ping 10.0.2.15
PING 10.0.2.15 (10.0.2.15) 56(84) bytes of data.
64 bytes from 10.0.2.15: icmp_seq=1 ttl=64 time=0.018 ms
64 bytes from 10.0.2.15: icmp_seq=2 ttl=64 time=0.034 ms
64 bytes from 10.0.2.15: icmp_seq=3 ttl=64 time=0.052 ms
64 bytes from 10.0.2.15: icmp_seq=4 ttl=64 time=0.044 ms
64 bytes from 10.0.2.15: icmp_seq=5 ttl=64 time=0.038 ms
64 bytes from 10.0.2.15: icmp_seq=6 ttl=64 time=0.030 ms
64 bytes from 10.0.2.15: icmp_seq=7 ttl=64 time=0.039 ms
64 bytes from 10.0.2.15: icmp_seq=8 ttl=64 time=0.031 ms
^C
--- 10.0.2.15 ping statistics ---
8 packets transmitted, 8 received, 0% packet loss, time 7174ms
rtt min/avg/max/mdev = 0.018/0.035/0.052/0.009 ms

2 - Removendo o cabo do computador e recolocando novamente após alguns segundos
iesb@mint:~$ ping 10.0.2.15
PING 10.0.2.15 (10.0.2.15) 56(84) bytes of data.
64 bytes from 10.0.2.15: icmp_seq=1 ttl=64 time=0.047 ms
64 bytes from 10.0.2.15: icmp_seq=2 ttl=64 time=0.038 ms
64 bytes from 10.0.2.15: icmp_seq=3 ttl=64 time=0.050 ms
64 bytes from 10.0.2.15: icmp_seq=4 ttl=64 time=0.038 ms
64 bytes from 10.0.2.15: icmp_seq=5 ttl=64 time=0.033 ms
64 bytes from 10.0.2.15: icmp_seq=6 ttl=64 time=0.033 ms
64 bytes from 10.0.2.15: icmp_seq=7 ttl=64 time=0.040 ms
64 bytes from 10.0.2.15: icmp_seq=8 ttl=64 time=0.035 ms
64 bytes from 10.0.2.15: icmp_seq=9 ttl=64 time=0.057 ms
64 bytes from 10.0.2.15: icmp_seq=10 ttl=64 time=0.31 ms
64 bytes from 10.0.2.15: icmp_seq=11 ttl=64 time=0.038 ms
64 bytes from 10.0.2.15: icmp_seq=12 ttl=64 time=0.036 ms
64 bytes from 10.0.2.15: icmp_seq=13 ttl=64 time=0.135 ms
^C
--- 10.0.2.15 ping statistics ---
13 packets transmitted, 13 received, 0% packet loss, time 12388ms
rtt min/avg/max/mdev = 0.031/0.039/0.057/0.007 ms
 
 2-Levantar informações sobre IP, máscara de rede, gateway e servidor DNS do host

iesb@mint:~$ route
Tabela de Roteamento IP do Kernel
Destino         Roteador        MáscaraGen.    Opções Métrica Ref   Uso Iface
default         _gateway        0.0.0.0         UG    100    0        0 enp0s3
10.0.2.0        0.0.0.0         255.255.255.0   U     100    0        0 enp0s3
link-local      0.0.0.0         255.255.0.0     U     1000   0        0 enp0s3

Utilizando o comando ifconfig para fazer uma nova verificação na rede.

iesb@mint:~$ ifconfig
enp0s3: flags=4163<UP,BROADCAST,RUNNING,MULTICAST>  mtu 1500
        inet 10.0.2.15  netmask 255.255.255.0  broadcast 10.0.2.255
        ether 08:00:27:48:99:a7  txqueuelen 1000  (Ethernet)
        RX packets 32908  bytes 32233607 (32.2 MB)
        RX errors 0  dropped 0  overruns 0  frame 0
        TX packets 17375  bytes 2193963 (2.1 MB)
        TX errors 0  dropped 0 overruns 0  carrier 0  collisions 0

lo: flags=73<UP,LOOPBACK,RUNNING>  mtu 65536
        inet 127.0.0.1  netmask 255.0.0.0
        inet6 ::1  prefixlen 128  scopeid 0x10<host>
        loop  txqueuelen 1000  (Loopback Local)
        RX packets 1166  bytes 120648 (120.6 KB)
        RX errors 0  dropped 0  overruns 0  frame 0
        TX packets 1166  bytes 120648 (120.6 KB)
        TX errors 0  dropped 0 overruns 0  carrier 0  collisions 0

3- Verificar a resolução de nomes para os hosts www.iesb.br e intranet.iesb.br

Tentativa de conexão com www.iesb.br

C:\Users\shado>nslookup www.iesb.br
Servidor:  meuintelbras.local
Address:  10.0.0.1

Não é resposta autoritativa:
Nome:    www.iesb.br
Address:  54.174.194.96
Tentativa conexão para intranet.iesb.br

C:\Users\shado>nslookup  intranet.iesb.br
Servidor:  meuintelbras.local
Address:  10.0.0.1

Não é resposta autoritativa:
Nome:    intranet.iesb.br
Address:  186.251.61.197



Teste de conexão com o servidores do iesb;
iesb@mint:~$ ping www.iesb.br
PING www.iesb.br (54.174.194.96) 56(84) bytes of data.
64 bytes from ec2-54-174-194-96.compute-1.amazonaws.com (54.174.194.96): icmp_seq=1 ttl=95 time=143 ms
64 bytes from ec2-54-174-194-96.compute-1.amazonaws.com (54.174.194.96): icmp_seq=2 ttl=95 time=144 ms
64 bytes from ec2-54-174-194-96.compute-1.amazonaws.com (54.174.194.96): icmp_seq=3 ttl=95 time=143 ms
64 bytes from ec2-54-174-194-96.compute-1.amazonaws.com (54.174.194.96): icmp_seq=4 ttl=95 time=143 ms
64 bytes from ec2-54-174-194-96.compute-1.amazonaws.com (54.174.194.96): icmp_seq=5 ttl=95 time=143 ms
64 bytes from ec2-54-174-194-96.compute-1.amazonaws.com (54.174.194.96): icmp_seq=6 ttl=95 time=143 ms
64 bytes from ec2-54-174-194-96.compute-1.amazonaws.com (54.174.194.96): icmp_seq=7 ttl=95 time=143 ms
64 bytes from ec2-54-174-194-96.compute-1.amazonaws.com (54.174.194.96): icmp_seq=8 ttl=95 time=143 ms
64 bytes from ec2-54-174-194-96.compute-1.amazonaws.com (54.174.194.96): icmp_seq=9 ttl=95 time=143 ms
64 bytes from ec2-54-174-194-96.compute-1.amazonaws.com (54.174.194.96): icmp_seq=10 ttl=95 time=143 ms
64 bytes from ec2-54-174-194-96.compute-1.amazonaws.com (54.174.194.96): icmp_seq=11 ttl=95 time=143 ms
64 bytes from ec2-54-174-194-96.compute-1.amazonaws.com (54.174.194.96): icmp_seq=12 ttl=95 time=143 ms
^C
--- www.iesb.br ping statistics ---
12 packets transmitted, 12 received, 0% packet loss, time 11051ms
rtt min/avg/max/mdev = 143.020/143.182/144.014/0.259 ms

Resultado: Latencia alta com o servidores do iesb


Tentativa de conexão com a intranet.iesb.br

iesb@mint:~$ ping intranet.iesb.br
PING intranet.iesb.br (186.251.61.197) 56(84) bytes of data.
^C
--- intranet.iesb.br ping statistics ---
4 packets transmitted, 0 received, 100% packet loss, time 3075ms

Resultados: Sem conexão.

***4 - Verificar rotas para os hosts www.iesb.br e intranet.iesb.br***


Rastreando a rota para www.iesb.br [54.174.194.96]
com no máximo 30 saltos:

  1    <1 ms    <1 ms    <1 ms  meuintelbras.local [10.0.0.1]
  2     2 ms     2 ms    <1 ms  101.67.5.1
  3    38 ms    71 ms    17 ms  100.64.4.81
  4     6 ms     2 ms     2 ms  201.87.240.81
  5     2 ms     1 ms     2 ms  45-165-197-45.linkartelecom.net [45.165.197.45]
  6     1 ms     2 ms     3 ms  200-146-236-018.xf-static.ctbcnetsuper.com.br [200.146.236.18]
  7    30 ms    27 ms    27 ms  100.126.4.134
  8    27 ms    34 ms    28 ms  100.126.0.133
  9    21 ms    21 ms    25 ms  ae3-0.ptx-b.spo-piaf.algartelecom.com.br [170.84.32.6]
 10   119 ms   119 ms   119 ms  et-11-0-5-0.monet.border-b.mia.algartelecom.com.br [168.197.23.145]
 11   126 ms   122 ms   119 ms  99.83.66.26
 12   119 ms   123 ms   119 ms  52.93.37.93
 13   132 ms   120 ms   125 ms  52.93.37.28
 14     *        *        *     Esgotado o tempo limite do pedido.
 15     *        *        *     Esgotado o tempo limite do pedido.
 16     *        *        *     Esgotado o tempo limite do pedido.
 17     *        *        *     Esgotado o tempo limite do pedido.
 18     *        *        *     Esgotado o tempo limite do pedido.
 19   144 ms   143 ms   143 ms  52.93.133.148
 20     *        *        *     Esgotado o tempo limite do pedido.
 21     *        *        *     Esgotado o tempo limite do pedido.
 22     *        *        *     Esgotado o tempo limite do pedido.
 23     *        *        *     Esgotado o tempo limite do pedido.
 24     *        *        *     Esgotado o tempo limite do pedido.
 25     *        *        *     Esgotado o tempo limite do pedido.
 26     *        *        *     Esgotado o tempo limite do pedido.
 27     *        *        *     Esgotado o tempo limite do pedido.
 28     *        *        *     Esgotado o tempo limite do pedido.
 29     *        *        *     Esgotado o tempo limite do pedido.
 30   165 ms   191 ms   143 ms  52.93.28.212

 C:\Users\shado>tracert intranet.iesb.br

Rastreando a rota para intranet.iesb.br [186.251.61.197]
com no máximo 30 saltos:

  1    <1 ms    <1 ms    <1 ms  meuintelbras.local [10.0.0.1]
  2     1 ms     1 ms     4 ms  101.67.5.1
  3     6 ms     2 ms     2 ms  100.64.4.81
  4     1 ms    <1 ms     1 ms  201.87.240.81
  5     1 ms     2 ms     2 ms  as268716.brasilia.df.ix.br [200.192.110.19]
  6     2 ms     2 ms     2 ms  45.171.103.234
  7     *        *        *     Esgotado o tempo limite do pedido.
  8     *        *        *     Esgotado o tempo limite do pedido.
  9     *        *        *     Esgotado o tempo limite do pedido.
 10     *        *        *     Esgotado o tempo limite do pedido.
 11     *        *        *     Esgotado o tempo limite do pedido.
 12     *        *        *     Esgotado o tempo limite do pedido.
 13     *        *        *     Esgotado o tempo limite do pedido.
 14     *        *        *     Esgotado o tempo limite do pedido.
 15     *        *        *     Esgotado o tempo limite do pedido.
 16     *        *        *     Esgotado o tempo limite do pedido.
 17     *        *        *     Esgotado o tempo limite do pedido.
 18     *        *        *     Esgotado o tempo limite do pedido.
 19     *        *        *     Esgotado o tempo limite do pedido.
 20     *        *        *     Esgotado o tempo limite do pedido.
 21     *        *        *     Esgotado o tempo limite do pedido.
 22     *        *        *     Esgotado o tempo limite do pedido.
 23     *        *        *     Esgotado o tempo limite do pedido.
 24     *        *        *     Esgotado o tempo limite do pedido.
 25     *        *        *     Esgotado o tempo limite do pedido.
 26     *        *        *     Esgotado o tempo limite do pedido.
 27     *        *        *     Esgotado o tempo limite do pedido.
 28     *        *        *     Esgotado o tempo limite do pedido.
 29     *        *        *     Esgotado o tempo limite do pedido.
 30     *        *        *     Esgotado o tempo limite do pedido.

Rastreamento concluído.